50938 rupturas
1/319 0GUSDT velas=6351 filas=233
2/319 1000SATSUSDT velas=521 filas=20
3/319 1INCHUSDT velas=4927 filas=162
4/319 AAPLBUSDT velas=6351 filas=96
5/319 AAVEUSDT velas=6321 filas=183
6/319 ACEUSDT velas=6331 filas=224
7/319 ACHUSDT velas=4902 filas=180
8/319 ADAUSDT velas=6356 filas=204
9/319 AEROUSDT velas=6301 filas=195
10/319 AGLDUSDT velas=3127 filas=97
11/319 AIXBTUSDT velas=546 filas=19
12/319 ALGOUSDT velas=6356 filas=200
13/319 ALLOUSDT velas=5396 filas=167
14/319 AMDBUSDT velas=5471 filas=115
15/319 ANKRUSDT velas=5212 filas=166
16/319 APEUSDT velas=3901 filas=132
17/319 API3USDT velas=5227 filas=165
18/319 APTUSDT velas=6356 filas=206
19/319 ARBUSDT velas=6341 filas=197
20/319 ARKMUSDT velas=5171 filas=181
21/319 ARKUSDT velas=6112 filas=215
22/319 ARUSDT velas=6331 filas=180
23/319 ASTERUSDT velas=6356 filas=235
24/319 ASTRUSDT velas=6112 filas=188
25/319 ATMUSDT velas=5297 filas=187
26/319 ATOMUSDT velas=6331 filas=210
27/319 AUSDT velas=5992 filas=174
28/319 AVAUSDT velas=6331 filas=214
29/319 AVAXUSDT velas=6356 filas=141
30/319 AVGOBUSDT velas=6331 filas=122
31/319 AVNTUSDT velas=3891 filas=137
32/319 AXLUSDT velas=911 filas=34
33/319 AXSUSDT velas=5856 filas=213
34/319 BABYUSDT velas=5886 filas=213
35/319 BANKUSDT velas=5441 filas=175
36/319 BBUSDT velas=5906 filas=213
37/319 BCHUSDT velas=6351 filas=206
38/319 BERAUSDT velas=5516 filas=166
39/319 BICOUSDT velas=5516 filas=169
40/319 BIOUSDT velas=5466 filas=194
41/319 BMNRBUSDT velas=6346 filas=191
42/319 BMTUSDT velas=6117 filas=213
43/319 BNBUSDT velas=6236 filas=172
44/319 BNCBUSDT velas=6236 filas=178
45/319 BNSOLUSDT velas=6356 filas=190
46/319 BOMEUSDT velas=6331 filas=225
47/319 BONKUSDT velas=6331 filas=222
48/319 BREVUSDT velas=3667 filas=114
49/319 BROCCOLI714USDT velas=5531 filas=173
50/319 BTCUSDT velas=6356 filas=171
51/319 C98USDT velas=3122 filas=100
52/319 CAKEUSDT velas=6331 filas=220
53/319 CATIUSDT velas=3547 filas=133
54/319 CBRSBUSDT velas=247 filas=4
55/319 CELOUSDT velas=3387 filas=104
56/319 CELRUSDT velas=3116 filas=77
57/319 CETUSUSDT velas=891 filas=31
58/319 CFGUSDT velas=6336 filas=216
59/319 CFXUSDT velas=4456 filas=146
60/319 CHIPUSDT velas=6351 filas=200
61/319 CHZUSDT velas=6336 filas=217
62/319 COINBUSDT velas=6276 filas=182
63/319 COMPUSDT velas=3671 filas=122
64/319 COOKIEUSDT velas=196 filas=3
65/319 COTIUSDT velas=6281 filas=184
66/319 COWUSDT velas=2697 filas=98
67/319 CRCLBUSDT velas=6351 filas=179
68/319 CRDOBUSDT velas=312 filas=7
69/319 CRVUSDT velas=6346 filas=249
70/319 CRWVBUSDT velas=6117 filas=168
71/319 CTSIUSDT velas=2572 filas=100
72/319 CUSDT velas=4816 filas=153
73/319 CVCUSDT velas=6112 filas=245
74/319 CVXUSDT velas=292 filas=11
75/319 CYBERUSDT velas=2407 filas=95
76/319 DASHUSDT velas=6351 filas=227
77/319 DEXEUSDT velas=6356 filas=225
78/319 DGBUSDT velas=6044 filas=243
79/319 DODOUSDT velas=6341 filas=218
80/319 DOGEUSDT velas=6316 filas=175
81/319 DOLOUSDT velas=486 filas=13
82/319 DOTUSDT velas=6346 filas=223
83/319 DRAMBUSDT velas=277 filas=4
84/319 DUSKUSDT velas=901 filas=38
85/319 DYDXUSDT velas=5721 filas=193
86/319 DYMUSDT velas=5486 filas=173
87/319 EDENUSDT velas=6356 filas=214
88/319 EGLDUSDT velas=3921 filas=113
89/319 EIGENUSDT velas=6351 filas=204
90/319 ENAUSDT velas=6346 filas=200
91/319 ENSOUSDT velas=5786 filas=188
92/319 ENSUSDT velas=5586 filas=197
93/319 EPICUSDT velas=4616 filas=137
94/319 ESPUSDT velas=4157 filas=148
95/319 ETCUSDT velas=6346 filas=218
96/319 ETHFIUSDT velas=6346 filas=208
97/319 ETHUSDT velas=6356 filas=165
98/319 EULUSDT velas=3562 filas=129
99/319 EWYBUSDT velas=6263 filas=132
100/319 FETUSDT velas=6351 filas=197
101/319 FFUSDT velas=6356 filas=188
102/319 FIDAUSDT velas=2297 filas=93
103/319 FILUSDT velas=6286 filas=199
104/319 FLNCBUSDT velas=6122 filas=208
105/319 FLOKIUSDT velas=6311 filas=214
106/319 FLOWUSDT velas=1366 filas=35
107/319 FORMUSDT velas=5826 filas=196
108/319 FTTUSDT velas=1966 filas=61
109/319 FUSDT velas=4921 filas=146
110/319 GALAUSDT velas=6346 filas=231
111/319 GASUSDT velas=2702 filas=96
112/319 GENIUSUSDT velas=6346 filas=215
113/319 GIGGLEUSDT velas=6341 filas=215
114/319 GLMRUSDT velas=6117 filas=243
115/319 GMTUSDT velas=166 filas=3
116/319 GOOGLBUSDT velas=6331 filas=91
117/319 GPSUSDT velas=891 filas=35
118/319 GRAMUSDT velas=6341 filas=208
119/319 GRTUSDT velas=4441 filas=134
120/319 GUNUSDT velas=2626 filas=99
121/319 GUSDT velas=5911 filas=157
122/319 HBARUSDT velas=6331 filas=200
123/319 HEIUSDT velas=6356 filas=203
124/319 HEMIUSDT velas=6336 filas=260
125/319 HMSTRUSDT velas=657 filas=30
126/319 HOLOUSDT velas=6243 filas=169
127/319 HOMEUSDT velas=5486 filas=171
128/319 HOODBUSDT velas=5821 filas=134
129/319 ICPUSDT velas=6301 filas=225
130/319 IMXUSDT velas=3731 filas=116
131/319 INITUSDT velas=5493 filas=139
132/319 INJUSDT velas=6291 filas=206
133/319 INTCBUSDT velas=6241 filas=125
134/319 IOSTUSDT velas=6341 filas=238
135/319 IOTAUSDT velas=3677 filas=139
136/319 IOTXUSDT velas=2946 filas=101
137/319 IOUSDT velas=6326 filas=223
138/319 JASMYUSDT velas=551 filas=23
139/319 JOEUSDT velas=2727 filas=95
140/319 JSTUSDT velas=6346 filas=170
141/319 JTOUSDT velas=6351 filas=225
142/319 JUPUSDT velas=6346 filas=177
143/319 KAIAUSDT velas=216 filas=7
144/319 KAITOUSDT velas=6316 filas=192
145/319 KATUSDT velas=5367 filas=186
146/319 KAVAUSDT velas=5461 filas=157
147/319 KERNELUSDT velas=1151 filas=29
148/319 KITEUSDT velas=6356 filas=225
149/319 KMNOUSDT velas=6356 filas=194
150/319 KORUBUSDT velas=6351 filas=184
151/319 KSMUSDT velas=6067 filas=219
152/319 LAUSDT velas=6331 filas=243
153/319 LDOUSDT velas=6351 filas=178
154/319 LINEAUSDT velas=5061 filas=185
155/319 LINKUSDT velas=6346 filas=211
156/319 LITEBUSDT velas=5461 filas=129
157/319 LPTUSDT velas=5476 filas=185
158/319 LSKUSDT velas=6321 filas=208
159/319 LTCUSDT velas=6356 filas=181
160/319 LUNAUSDT velas=4821 filas=170
161/319 LUNCUSDT velas=6351 filas=202
162/319 MAGICUSDT velas=2417 filas=85
163/319 MANAUSDT velas=3132 filas=113
164/319 MANTAUSDT velas=1942 filas=68
165/319 MANTRAUSDT velas=3871 filas=141
166/319 MARSCOINUSDT velas=6351 filas=245
167/319 MASKUSDT velas=1437 filas=57
168/319 MEGAUSDT velas=5586 filas=197
169/319 MEMEUSDT velas=546 filas=14
170/319 METISUSDT velas=1651 filas=48
171/319 METUSDT velas=6346 filas=205
172/319 MINAUSDT velas=6336 filas=181
173/319 MIRAUSDT velas=2961 filas=89
174/319 MITOUSDT velas=4781 filas=169
175/319 MMTUSDT velas=6082 filas=221
176/319 MORPHOUSDT velas=6306 filas=186
177/319 MOVRUSDT velas=6112 filas=228
178/319 MRVLBUSDT velas=5931 filas=155
179/319 MSTRBUSDT velas=6306 filas=153
180/319 MTLUSDT velas=5292 filas=184
181/319 MUBARAKUSDT velas=6331 filas=205
182/319 MUBUSDT velas=6346 filas=137
183/319 NBISBUSDT velas=6316 filas=179
184/319 NEARUSDT velas=6276 filas=188
185/319 NEIROUSDT velas=5711 filas=187
186/319 NEOUSDT velas=2941 filas=102
187/319 NEWTUSDT velas=5466 filas=134
188/319 NEXOUSDT velas=551 filas=20
189/319 NIGHTUSDT velas=5641 filas=198
190/319 NILUSDT velas=4456 filas=127
191/319 NOTUSDT velas=5282 filas=189
192/319 NVDABUSDT velas=6261 filas=134
193/319 NXPCUSDT velas=226 filas=5
194/319 ONDOUSDT velas=6351 filas=202
195/319 ONEUSDT velas=6341 filas=163
196/319 ONGUSDT velas=2956 filas=102
197/319 ONTUSDT velas=2722 filas=104
198/319 OPENUSDT velas=4212 filas=159
199/319 OPGUSDT velas=1381 filas=36
200/319 OPNUSDT velas=6336 filas=201
201/319 OPUSDT velas=6356 filas=203
202/319 ORCAUSDT velas=5156 filas=190
203/319 ORDIUSDT velas=6356 filas=213
204/319 PARTIUSDT velas=6331 filas=250
205/319 PENDLEUSDT velas=6356 filas=206
206/319 PENGUUSDT velas=6351 filas=193
207/319 PEOPLEUSDT velas=6316 filas=222
208/319 PEPEUSDT velas=6346 filas=209
209/319 PHAUSDT velas=6331 filas=191
210/319 PLUMEUSDT velas=6226 filas=213
211/319 PNUTUSDT velas=5116 filas=191
212/319 POLUSDT velas=6341 filas=210
213/319 POLYXUSDT velas=5232 filas=178
214/319 PORTALUSDT velas=5931 filas=232
215/319 PROMUSDT velas=6346 filas=226
216/319 PROVEUSDT velas=6336 filas=176
217/319 PUMPUSDT velas=6346 filas=204
218/319 PYTHUSDT velas=6321 filas=212
219/319 QKCUSDT velas=4162 filas=159
220/319 QNTUSDT velas=5181 filas=178
221/319 QQQBUSDT velas=6301 filas=87
222/319 RAYUSDT velas=6346 filas=216
223/319 REDUSDT velas=5122 filas=180
224/319 RENDERUSDT velas=6351 filas=178
225/319 RESOLVUSDT velas=6097 filas=210
226/319 REUSDT velas=6351 filas=231
227/319 REZUSDT velas=6346 filas=233
228/319 RKLBBUSDT velas=876 filas=15
229/319 RLCUSDT velas=2122 filas=66
230/319 ROBOUSDT velas=4432 filas=159
231/319 RONINUSDT velas=3911 filas=134
232/319 ROSEUSDT velas=6341 filas=231
233/319 RSRUSDT velas=2672 filas=98
234/319 RUNEUSDT velas=5486 filas=135
235/319 RVNUSDT velas=556 filas=21
236/319 SAGAUSDT velas=6346 filas=209
237/319 SAHARAUSDT velas=901 filas=39
238/319 SANDUSDT velas=5886 filas=199
239/319 SEIUSDT velas=6256 filas=159
240/319 SENTUSDT velas=5362 filas=170
241/319 SHELLUSDT velas=2107 filas=70
242/319 SHIBUSDT velas=6356 filas=222
243/319 SKHYBUSDT velas=6316 filas=179
244/319 SKLUSDT velas=3231 filas=116
245/319 SKYUSDT velas=6331 filas=192
246/319 SNDKBUSDT velas=6351 filas=148
247/319 SNXUSDT velas=4892 filas=171
248/319 SNXXBUSDT velas=6351 filas=173
249/319 SOLUSDT velas=6336 filas=174
250/319 SOLVUSDT velas=6311 filas=237
251/319 SOMIUSDT velas=4796 filas=168
252/319 SOPHUSDT velas=6218 filas=237
253/319 SOXLBUSDT velas=6326 filas=146
254/319 SOXSBUSDT velas=766 filas=10
255/319 SPCXBUSDT velas=6356 filas=138
256/319 SPKUSDT velas=6341 filas=198
257/319 SPYBUSDT velas=5796 filas=44
258/319 SSVUSDT velas=4027 filas=131
259/319 STEEMUSDT velas=6029 filas=179
260/319 STGUSDT velas=5262 filas=150
261/319 STRKUSDT velas=6346 filas=191
262/319 STXUSDT velas=6301 filas=179
263/319 SUIUSDT velas=6346 filas=143
264/319 SUNUSDT velas=216 filas=4
265/319 SUPERUSDT velas=5116 filas=169
266/319 SUSDT velas=5711 filas=174
267/319 SUSHIUSDT velas=6261 filas=220
268/319 SYNUSDT velas=6316 filas=196
269/319 SYRUPUSDT velas=5781 filas=188
270/319 TAOUSDT velas=6306 filas=180
271/319 THETAUSDT velas=5351 filas=188
272/319 THEUSDT velas=6356 filas=213
273/319 TIAUSDT velas=6291 filas=212
274/319 TKOUSDT velas=416 filas=12
275/319 TLMUSDT velas=6054 filas=212
276/319 TNSRUSDT velas=501 filas=14
277/319 TQQQBUSDT velas=277 filas=4
278/319 TRBUSDT velas=5761 filas=201
279/319 TREEUSDT velas=4446 filas=156
280/319 TRUMPUSDT velas=6356 filas=213
281/319 TRXUSDT velas=6346 filas=150
282/319 TSLABUSDT velas=6351 filas=128
283/319 TSTUSDT velas=6356 filas=243
284/319 TURBOUSDT velas=546 filas=15
285/319 TUSDT velas=6283 filas=191
286/319 TUTUSDT velas=6331 filas=236
287/319 TWTUSDT velas=3651 filas=122
288/319 UNIUSDT velas=6351 filas=223
289/319 USTCUSDT velas=1867 filas=64
290/319 USUALUSDT velas=3592 filas=133
291/319 UUSDT velas=6351 filas=196
292/319 VANAUSDT velas=2712 filas=94
293/319 VETUSDT velas=6356 filas=207
294/319 VIRTUALUSDT velas=6316 filas=209
295/319 VTHOUSDT velas=6331 filas=228
296/319 WALUSDT velas=3866 filas=158
297/319 WAXPUSDT velas=5152 filas=170
298/319 WBETHUSDT velas=4801 filas=143
299/319 WBTCUSDT velas=6346 filas=178
300/319 WCTUSDT velas=906 filas=30
301/319 WIFUSDT velas=6326 filas=167
302/319 WLDUSDT velas=6351 filas=226
303/319 WLFIUSDT velas=6316 filas=261
304/319 WUSDT velas=5836 filas=206
305/319 XECUSDT velas=201 filas=6
306/319 XLMUSDT velas=6331 filas=203
307/319 XNOUSDT velas=501 filas=12
308/319 XPLUSDT velas=6341 filas=227
309/319 XRPUSDT velas=6346 filas=199
310/319 XTZUSDT velas=4766 filas=146
311/319 ZAMAUSDT velas=6331 filas=161
312/319 ZECUSDT velas=6351 filas=204
313/319 ZENUSDT velas=6336 filas=227
314/319 ZILUSDT velas=5566 filas=152
315/319 ZKCUSDT velas=4027 filas=159
316/319 ZKUSDT velas=5921 filas=187
317/319 ZROUSDT velas=6331 filas=228
318/319 币安人生USDT velas=5796 filas=219
319/319 牛来USDT velas=6331 filas=217
