filas 4233633 monedas 150 meses [np.str_('2026-03'), np.str_('2026-04'), np.str_('2026-05'), np.str_('2026-06'), np.str_('2026-07'), np.str_('2026-08'), np.str_('2026-09')]
hecho: L0 cualquier momento (referencia)
hecho: L1 rompe el máximo de 24 h con volumen (x3)
hecho: L2 volumen x3 sin mover precio (acumulación)
hecho: L3 caída de −3 % en 1 h en moneda que sube +10 % en 24 h
hecho: L4 mercado a favor (60 % de monedas arriba en 24 h y BTC arriba)
hecho: L5 mercado a favor ahora + impulso corto (+0,5 a +2 % en 15 min)
hecho: L6 rebote tras desplome (−3 % en 15 min)
hecho: L7 muy lejos del máximo de 24 h (−10 % o más)
hecho: L8 como SAC: subida de 3 min >= 2 sigmas con compras dominantes
hecho: L9 como SAC pero sin mirar las compras
hecho: L10 BTC sobre su media de 7 días y la moneda sube en 24 h
hecho: S0 cualquier momento (referencia)
hecho: S1 subió de golpe: +3 % en 15 min
hecho: S2 subió de golpe: +5 % en 1 h
hecho: S3 subió de golpe: +10 % en 1 h
hecho: S4 cerca del máximo de 24 h sin haber subido (<3 % en 24 h)
hecho: S5 cae de golpe (−2 % en 15 min) cerca del máximo de 24 h
hecho: S6 subió +5 % en 1 h y deja mecha arriba (rechazo)

CANDIDATAS (coste 0.4): 0

idea | geometría | expl n acierto neto0.4 | comp n acierto neto0.4 | meses+ | neto0.2 expl/comp
L0 cualquier momento (referencia)                            3h|TP2.67|SL1.8  |  31534  35.0% -0.372 |  27134  36.4% -0.366 | 0/7 | -0.172 -0.166
L0 cualquier momento (referencia)                            3h|TP2.67|SL3.0  |  31534  60.0% -0.375 |  27134  61.3% -0.338 | 0/7 | -0.175 -0.138
L0 cualquier momento (referencia)                            3h|TP2.67|SL5.0  |  31534  85.6% -0.379 |  27134  85.1% -0.328 | 0/7 | -0.179 -0.128
L0 cualquier momento (referencia)                            3h|TP2.67|SL8.0  |  31534  95.4% -0.383 |  27134  95.2% -0.326 | 0/7 | -0.183 -0.126
L0 cualquier momento (referencia)                            3h|TP1.5|SL1.5   |  31534  51.5% -0.382 |  27134  53.5% -0.344 | 0/7 | -0.182 -0.144
L0 cualquier momento (referencia)                            3h|TP5.0|SL2.67  |  31534  20.1% -0.385 |  27134  26.4% -0.346 | 0/7 | -0.185 -0.146
L0 cualquier momento (referencia)                            12h|TP2.67|SL1.8 |  31534  38.4% -0.413 |  27134  40.5% -0.331 | 0/7 | -0.213 -0.131
L0 cualquier momento (referencia)                            12h|TP2.67|SL3.0 |  31534  56.6% -0.395 |  27134  59.4% -0.276 | 0/7 | -0.195 -0.076
L0 cualquier momento (referencia)                            12h|TP2.67|SL5.0 |  31534  78.6% -0.391 |  27134  80.6% -0.211 | 0/7 | -0.191 -0.011
L0 cualquier momento (referencia)                            12h|TP2.67|SL8.0 |  31534  93.2% -0.377 |  27134  93.4% -0.182 | 0/7 | -0.177 +0.018
L0 cualquier momento (referencia)                            12h|TP1.5|SL1.5  |  31534  49.7% -0.415 |  27134  52.6% -0.337 | 0/7 | -0.215 -0.137
L0 cualquier momento (referencia)                            12h|TP5.0|SL2.67 |  31534  28.1% -0.416 |  27134  32.2% -0.265 | 0/7 | -0.216 -0.065
L1 rompe el máximo de 24 h con volumen (x3)                  3h|TP2.67|SL1.8  |   4031  38.5% -0.426 |   3827  43.7% -0.304 | 0/7 | -0.226 -0.104
L1 rompe el máximo de 24 h con volumen (x3)                  3h|TP2.67|SL3.0  |   4031  66.3% -0.394 |   3827  65.6% -0.310 | 0/7 | -0.194 -0.110
L1 rompe el máximo de 24 h con volumen (x3)                  3h|TP2.67|SL5.0  |   4031  90.6% -0.375 |   3827  88.7% -0.277 | 0/7 | -0.175 -0.077
L1 rompe el máximo de 24 h con volumen (x3)                  3h|TP2.67|SL8.0  |   4031  98.5% -0.361 |   3827  95.4% -0.287 | 0/7 | -0.161 -0.087
L1 rompe el máximo de 24 h con volumen (x3)                  3h|TP1.5|SL1.5   |   4031  51.6% -0.416 |   3827  55.3% -0.335 | 0/7 | -0.216 -0.135
L1 rompe el máximo de 24 h con volumen (x3)                  3h|TP5.0|SL2.67  |   4031  32.7% -0.406 |   3827  33.0% -0.306 | 0/7 | -0.206 -0.106
L1 rompe el máximo de 24 h con volumen (x3)                  12h|TP2.67|SL1.8 |   4031  38.3% -0.443 |   3827  42.5% -0.307 | 0/7 | -0.243 -0.107
L1 rompe el máximo de 24 h con volumen (x3)                  12h|TP2.67|SL3.0 |   4031  55.8% -0.450 |   3827  59.8% -0.295 | 0/7 | -0.250 -0.095
L1 rompe el máximo de 24 h con volumen (x3)                  12h|TP2.67|SL5.0 |   4031  78.3% -0.477 |   3827  80.1% -0.244 | 0/7 | -0.277 -0.044
L1 rompe el máximo de 24 h con volumen (x3)                  12h|TP2.67|SL8.0 |   4031  94.5% -0.443 |   3827  93.9% -0.240 | 1/7 | -0.243 -0.040
L1 rompe el máximo de 24 h con volumen (x3)                  12h|TP1.5|SL1.5  |   4031  49.4% -0.426 |   3827  52.5% -0.352 | 0/7 | -0.226 -0.152
L1 rompe el máximo de 24 h con volumen (x3)                  12h|TP5.0|SL2.67 |   4031  30.5% -0.464 |   3827  36.0% -0.227 | 0/7 | -0.264 -0.027
L2 volumen x3 sin mover precio (acumulación)                 3h|TP2.67|SL1.8  |   7696  36.6% -0.370 |   7266  39.3% -0.339 | 0/7 | -0.170 -0.139
L2 volumen x3 sin mover precio (acumulación)                 3h|TP2.67|SL3.0  |   7696  61.1% -0.368 |   7266  60.9% -0.343 | 0/7 | -0.168 -0.143
L2 volumen x3 sin mover precio (acumulación)                 3h|TP2.67|SL5.0  |   7696  87.8% -0.360 |   7266  84.9% -0.328 | 0/7 | -0.160 -0.128
L2 volumen x3 sin mover precio (acumulación)                 3h|TP2.67|SL8.0  |   7696  97.5% -0.352 |   7266  95.7% -0.328 | 0/7 | -0.152 -0.128
L2 volumen x3 sin mover precio (acumulación)                 3h|TP1.5|SL1.5   |   7696  52.0% -0.371 |   7266  52.2% -0.363 | 0/7 | -0.171 -0.163
L2 volumen x3 sin mover precio (acumulación)                 3h|TP5.0|SL2.67  |   7696  24.9% -0.390 |   7266  29.8% -0.305 | 0/7 | -0.190 -0.105
L2 volumen x3 sin mover precio (acumulación)                 12h|TP2.67|SL1.8 |   7696  39.2% -0.381 |   7266  41.3% -0.298 | 0/7 | -0.181 -0.098
L2 volumen x3 sin mover precio (acumulación)                 12h|TP2.67|SL3.0 |   7696  56.1% -0.386 |   7266  58.2% -0.293 | 0/7 | -0.186 -0.093
L2 volumen x3 sin mover precio (acumulación)                 12h|TP2.67|SL5.0 |   7696  78.0% -0.365 |   7266  79.7% -0.244 | 0/7 | -0.165 -0.044
L2 volumen x3 sin mover precio (acumulación)                 12h|TP2.67|SL8.0 |   7696  94.5% -0.317 |   7266  92.7% -0.232 | 0/7 | -0.117 -0.032
L2 volumen x3 sin mover precio (acumulación)                 12h|TP1.5|SL1.5  |   7696  51.1% -0.373 |   7266  52.0% -0.348 | 0/7 | -0.173 -0.148
L2 volumen x3 sin mover precio (acumulación)                 12h|TP5.0|SL2.67 |   7696  28.9% -0.391 |   7266  32.9% -0.229 | 0/7 | -0.191 -0.029
L3 caída de −3 % en 1 h en moneda que sube +10 % en 24 h     3h|TP2.67|SL1.8  |    611  40.3% -0.383 |    863  40.4% -0.382 | 0/7 | -0.183 -0.182
L3 caída de −3 % en 1 h en moneda que sube +10 % en 24 h     3h|TP2.67|SL3.0  |    611  53.2% -0.462 |    863  55.2% -0.337 | 0/7 | -0.262 -0.137
L3 caída de −3 % en 1 h en moneda que sube +10 % en 24 h     3h|TP2.67|SL5.0  |    611  71.9% -0.379 |    863  71.3% -0.350 | 0/7 | -0.179 -0.150
L3 caída de −3 % en 1 h en moneda que sube +10 % en 24 h     3h|TP2.67|SL8.0  |    611  86.1% -0.464 |    863  86.9% -0.243 | 0/7 | -0.264 -0.043
L3 caída de −3 % en 1 h en moneda que sube +10 % en 24 h     3h|TP1.5|SL1.5   |    611  51.9% -0.341 |    863  49.2% -0.424 | 0/7 | -0.141 -0.224
L3 caída de −3 % en 1 h en moneda que sube +10 % en 24 h     3h|TP5.0|SL2.67  |    611  30.7% -0.510 |    863  33.7% -0.293 | 0/7 | -0.310 -0.093
L3 caída de −3 % en 1 h en moneda que sube +10 % en 24 h     12h|TP2.67|SL1.8 |    611  40.9% -0.371 |    863  40.5% -0.392 | 0/7 | -0.171 -0.192
L3 caída de −3 % en 1 h en moneda que sube +10 % en 24 h     12h|TP2.67|SL3.0 |    611  52.3% -0.441 |    863  54.5% -0.319 | 0/7 | -0.241 -0.119
L3 caída de −3 % en 1 h en moneda que sube +10 % en 24 h     12h|TP2.67|SL5.0 |    611  69.0% -0.270 |    863  68.0% -0.270 | 1/7 | -0.070 -0.070
L3 caída de −3 % en 1 h en moneda que sube +10 % en 24 h     12h|TP2.67|SL8.0 |    611  81.6% -0.288 |    863  82.2% -0.126 | 1/7 | -0.088 +0.074
L3 caída de −3 % en 1 h en moneda que sube +10 % en 24 h     12h|TP1.5|SL1.5  |    611  51.6% -0.352 |    863  49.1% -0.426 | 0/7 | -0.152 -0.226
L3 caída de −3 % en 1 h en moneda que sube +10 % en 24 h     12h|TP5.0|SL2.67 |    611  33.7% -0.452 |    863  35.6% -0.295 | 0/7 | -0.252 -0.095
L4 mercado a favor (60 % de monedas arriba en 24 h y BTC arr 3h|TP2.67|SL1.8  |  18575  38.9% -0.371 |  15554  40.2% -0.324 | 0/7 | -0.171 -0.124
L4 mercado a favor (60 % de monedas arriba en 24 h y BTC arr 3h|TP2.67|SL3.0  |  18575  68.3% -0.372 |  15554  63.9% -0.311 | 0/7 | -0.172 -0.111
L4 mercado a favor (60 % de monedas arriba en 24 h y BTC arr 3h|TP2.67|SL5.0  |  18575  92.7% -0.364 |  15554  87.2% -0.289 | 0/7 | -0.164 -0.089
L4 mercado a favor (60 % de monedas arriba en 24 h y BTC arr 3h|TP2.67|SL8.0  |  18575  98.2% -0.365 |  15554  95.2% -0.289 | 0/7 | -0.165 -0.089
L4 mercado a favor (60 % de monedas arriba en 24 h y BTC arr 3h|TP1.5|SL1.5   |  18575  53.1% -0.399 |  15554  55.1% -0.338 | 0/7 | -0.199 -0.138
L4 mercado a favor (60 % de monedas arriba en 24 h y BTC arr 3h|TP5.0|SL2.67  |  18575  26.8% -0.379 |  15554  25.8% -0.339 | 0/7 | -0.179 -0.139
L4 mercado a favor (60 % de monedas arriba en 24 h y BTC arr 12h|TP2.67|SL1.8 |  18575  36.8% -0.450 |  15554  42.7% -0.273 | 0/7 | -0.250 -0.073
L4 mercado a favor (60 % de monedas arriba en 24 h y BTC arr 12h|TP2.67|SL3.0 |  18575  54.5% -0.453 |  15554  61.4% -0.211 | 0/7 | -0.253 -0.011
L4 mercado a favor (60 % de monedas arriba en 24 h y BTC arr 12h|TP2.67|SL5.0 |  18575  77.6% -0.459 |  15554  81.7% -0.166 | 1/7 | -0.259 +0.034
L4 mercado a favor (60 % de monedas arriba en 24 h y BTC arr 12h|TP2.67|SL8.0 |  18575  93.8% -0.469 |  15554  94.0% -0.150 | 1/7 | -0.269 +0.050
L4 mercado a favor (60 % de monedas arriba en 24 h y BTC arr 12h|TP1.5|SL1.5  |  18575  47.9% -0.457 |  15554  53.4% -0.318 | 0/7 | -0.257 -0.118
L4 mercado a favor (60 % de monedas arriba en 24 h y BTC arr 12h|TP5.0|SL2.67 |  18575  26.7% -0.462 |  15554  33.7% -0.206 | 0/7 | -0.262 -0.006
L5 mercado a favor ahora + impulso corto (+0,5 a +2 % en 15  3h|TP2.67|SL1.8  |  21479  35.9% -0.414 |  16711  38.2% -0.384 | 0/7 | -0.214 -0.184
L5 mercado a favor ahora + impulso corto (+0,5 a +2 % en 15  3h|TP2.67|SL3.0  |  21479  62.9% -0.418 |  16711  61.5% -0.383 | 0/7 | -0.218 -0.183
L5 mercado a favor ahora + impulso corto (+0,5 a +2 % en 15  3h|TP2.67|SL5.0  |  21479  88.0% -0.411 |  16711  86.0% -0.374 | 0/7 | -0.211 -0.174
L5 mercado a favor ahora + impulso corto (+0,5 a +2 % en 15  3h|TP2.67|SL8.0  |  21479  97.6% -0.403 |  16711  95.4% -0.378 | 0/7 | -0.203 -0.178
L5 mercado a favor ahora + impulso corto (+0,5 a +2 % en 15  3h|TP1.5|SL1.5   |  21479  50.8% -0.425 |  16711  52.6% -0.387 | 0/7 | -0.225 -0.187
L5 mercado a favor ahora + impulso corto (+0,5 a +2 % en 15  3h|TP5.0|SL2.67  |  21479  25.3% -0.397 |  16711  26.6% -0.384 | 0/7 | -0.197 -0.184
L5 mercado a favor ahora + impulso corto (+0,5 a +2 % en 15  12h|TP2.67|SL1.8 |  21479  36.9% -0.477 |  16711  40.3% -0.363 | 0/7 | -0.277 -0.163
L5 mercado a favor ahora + impulso corto (+0,5 a +2 % en 15  12h|TP2.67|SL3.0 |  21479  53.3% -0.488 |  16711  57.8% -0.314 | 0/7 | -0.288 -0.114
L5 mercado a favor ahora + impulso corto (+0,5 a +2 % en 15  12h|TP2.67|SL5.0 |  21479  75.0% -0.480 |  16711  78.4% -0.266 | 0/7 | -0.280 -0.066
L5 mercado a favor ahora + impulso corto (+0,5 a +2 % en 15  12h|TP2.67|SL8.0 |  21479  91.8% -0.470 |  16711  92.8% -0.224 | 0/7 | -0.270 -0.024
L5 mercado a favor ahora + impulso corto (+0,5 a +2 % en 15  12h|TP1.5|SL1.5  |  21479  48.2% -0.453 |  16711  51.0% -0.380 | 0/7 | -0.253 -0.180
L5 mercado a favor ahora + impulso corto (+0,5 a +2 % en 15  12h|TP5.0|SL2.67 |  21479  27.3% -0.488 |  16711  32.6% -0.298 | 0/7 | -0.288 -0.098
L6 rebote tras desplome (−3 % en 15 min)                     3h|TP2.67|SL1.8  |   1450  39.6% -0.332 |   1720  38.2% -0.427 | 1/7 | -0.132 -0.227
L6 rebote tras desplome (−3 % en 15 min)                     3h|TP2.67|SL3.0  |   1450  55.0% -0.281 |   1720  53.1% -0.385 | 0/7 | -0.081 -0.185
L6 rebote tras desplome (−3 % en 15 min)                     3h|TP2.67|SL5.0  |   1450  76.6% -0.048 |   1720  71.1% -0.277 | 2/7 | +0.152 -0.077
L6 rebote tras desplome (−3 % en 15 min)                     3h|TP2.67|SL8.0  |   1450  89.8% -0.006 |   1720  85.3% -0.194 | 2/7 | +0.194 +0.006
L6 rebote tras desplome (−3 % en 15 min)                     3h|TP1.5|SL1.5   |   1450  49.7% -0.399 |   1720  48.2% -0.449 | 0/7 | -0.199 -0.249
L6 rebote tras desplome (−3 % en 15 min)                     3h|TP5.0|SL2.67  |   1450  30.1% -0.289 |   1720  26.6% -0.563 | 0/7 | -0.089 -0.363
L6 rebote tras desplome (−3 % en 15 min)                     12h|TP2.67|SL1.8 |   1450  42.2% -0.309 |   1720  39.7% -0.409 | 1/7 | -0.109 -0.209
L6 rebote tras desplome (−3 % en 15 min)                     12h|TP2.67|SL3.0 |   1450  55.3% -0.302 |   1720  53.8% -0.352 | 1/7 | -0.102 -0.152
L6 rebote tras desplome (−3 % en 15 min)                     12h|TP2.67|SL5.0 |   1450  71.9% -0.140 |   1720  68.8% -0.241 | 1/7 | +0.060 -0.041
L6 rebote tras desplome (−3 % en 15 min)                     12h|TP2.67|SL8.0 |   1450  84.8% -0.117 |   1720  82.3% -0.077 | 3/7 | +0.083 +0.123
L6 rebote tras desplome (−3 % en 15 min)                     12h|TP1.5|SL1.5  |   1450  50.5% -0.386 |   1720  48.2% -0.454 | 0/7 | -0.186 -0.254
L6 rebote tras desplome (−3 % en 15 min)                     12h|TP5.0|SL2.67 |   1450  36.2% -0.196 |   1720  31.1% -0.514 | 1/7 | +0.004 -0.314
L7 muy lejos del máximo de 24 h (−10 % o más)                3h|TP2.67|SL1.8  |   2990  38.3% -0.311 |   2883  37.3% -0.402 | 0/7 | -0.111 -0.202
L7 muy lejos del máximo de 24 h (−10 % o más)                3h|TP2.67|SL3.0  |   2990  54.2% -0.307 |   2883  55.4% -0.336 | 0/7 | -0.107 -0.136
L7 muy lejos del máximo de 24 h (−10 % o más)                3h|TP2.67|SL5.0  |   2990  75.5% -0.221 |   2883  75.4% -0.270 | 0/7 | -0.021 -0.070
L7 muy lejos del máximo de 24 h (−10 % o más)                3h|TP2.67|SL8.0  |   2990  92.2% -0.103 |   2883  89.9% -0.195 | 1/7 | +0.097 +0.005
L7 muy lejos del máximo de 24 h (−10 % o más)                3h|TP1.5|SL1.5   |   2990  50.3% -0.379 |   2883  50.0% -0.391 | 0/7 | -0.179 -0.191
L7 muy lejos del máximo de 24 h (−10 % o más)                3h|TP5.0|SL2.67  |   2990  25.8% -0.270 |   2883  26.8% -0.354 | 0/7 | -0.070 -0.154
L7 muy lejos del máximo de 24 h (−10 % o más)                12h|TP2.67|SL1.8 |   2990  42.0% -0.299 |   2883  39.0% -0.441 | 0/7 | -0.099 -0.241
L7 muy lejos del máximo de 24 h (−10 % o más)                12h|TP2.67|SL3.0 |   2990  54.7% -0.318 |   2883  53.8% -0.367 | 0/7 | -0.118 -0.167
L7 muy lejos del máximo de 24 h (−10 % o más)                12h|TP2.67|SL5.0 |   2990  71.0% -0.250 |   2883  70.8% -0.240 | 0/7 | -0.050 -0.040
L7 muy lejos del máximo de 24 h (−10 % o más)                12h|TP2.67|SL8.0 |   2990  85.1% -0.217 |   2883  85.8% -0.128 | 2/7 | -0.017 +0.072
L7 muy lejos del máximo de 24 h (−10 % o más)                12h|TP1.5|SL1.5  |   2990  50.9% -0.373 |   2883  49.9% -0.401 | 0/7 | -0.173 -0.201
L7 muy lejos del máximo de 24 h (−10 % o más)                12h|TP5.0|SL2.67 |   2990  32.4% -0.343 |   2883  31.9% -0.438 | 0/7 | -0.143 -0.238
L8 como SAC: subida de 3 min >= 2 sigmas con compras dominan 3h|TP2.67|SL1.8  |  12064  35.4% -0.428 |   9840  38.6% -0.370 | 0/7 | -0.228 -0.170
L8 como SAC: subida de 3 min >= 2 sigmas con compras dominan 3h|TP2.67|SL3.0  |  12064  61.7% -0.422 |   9840  63.9% -0.371 | 0/7 | -0.222 -0.171
L8 como SAC: subida de 3 min >= 2 sigmas con compras dominan 3h|TP2.67|SL5.0  |  12064  88.0% -0.417 |   9840  89.0% -0.360 | 0/7 | -0.217 -0.160
L8 como SAC: subida de 3 min >= 2 sigmas con compras dominan 3h|TP2.67|SL8.0  |  12064  96.8% -0.417 |   9840  96.8% -0.364 | 0/7 | -0.217 -0.164
L8 como SAC: subida de 3 min >= 2 sigmas con compras dominan 3h|TP1.5|SL1.5   |  12064  49.8% -0.439 |   9840  53.5% -0.373 | 0/7 | -0.239 -0.173
L8 como SAC: subida de 3 min >= 2 sigmas con compras dominan 3h|TP5.0|SL2.67  |  12064  23.6% -0.416 |   9840  27.1% -0.372 | 0/7 | -0.216 -0.172
L8 como SAC: subida de 3 min >= 2 sigmas con compras dominan 12h|TP2.67|SL1.8 |  12064  36.8% -0.474 |   9840  40.6% -0.341 | 0/7 | -0.274 -0.141
L8 como SAC: subida de 3 min >= 2 sigmas con compras dominan 12h|TP2.67|SL3.0 |  12064  54.2% -0.465 |   9840  57.5% -0.336 | 0/7 | -0.265 -0.136
L8 como SAC: subida de 3 min >= 2 sigmas con compras dominan 12h|TP2.67|SL5.0 |  12064  76.7% -0.451 |   9840  79.5% -0.284 | 0/7 | -0.251 -0.084
L8 como SAC: subida de 3 min >= 2 sigmas con compras dominan 12h|TP2.67|SL8.0 |  12064  92.3% -0.450 |   9840  93.8% -0.259 | 0/7 | -0.250 -0.059
L8 como SAC: subida de 3 min >= 2 sigmas con compras dominan 12h|TP1.5|SL1.5  |  12064  48.0% -0.460 |   9840  51.2% -0.375 | 0/7 | -0.260 -0.175
L8 como SAC: subida de 3 min >= 2 sigmas con compras dominan 12h|TP5.0|SL2.67 |  12064  27.5% -0.488 |   9840  32.2% -0.284 | 0/7 | -0.288 -0.084
L9 como SAC pero sin mirar las compras                       3h|TP2.67|SL1.8  |  15938  34.9% -0.431 |  13193  38.8% -0.359 | 0/7 | -0.231 -0.159
L9 como SAC pero sin mirar las compras                       3h|TP2.67|SL3.0  |  15938  60.3% -0.434 |  13193  64.4% -0.361 | 0/7 | -0.234 -0.161
L9 como SAC pero sin mirar las compras                       3h|TP2.67|SL5.0  |  15938  88.1% -0.425 |  13193  89.2% -0.348 | 0/7 | -0.225 -0.148
L9 como SAC pero sin mirar las compras                       3h|TP2.67|SL8.0  |  15938  97.2% -0.421 |  13193  97.2% -0.349 | 0/7 | -0.221 -0.149
L9 como SAC pero sin mirar las compras                       3h|TP1.5|SL1.5   |  15938  49.5% -0.444 |  13193  53.2% -0.375 | 0/7 | -0.244 -0.175
L9 como SAC pero sin mirar las compras                       3h|TP5.0|SL2.67  |  15938  23.5% -0.418 |  13193  27.6% -0.360 | 0/7 | -0.218 -0.160
L9 como SAC pero sin mirar las compras                       12h|TP2.67|SL1.8 |  15938  37.0% -0.464 |  13193  40.7% -0.338 | 0/7 | -0.264 -0.138
L9 como SAC pero sin mirar las compras                       12h|TP2.67|SL3.0 |  15938  53.6% -0.482 |  13193  57.6% -0.331 | 0/7 | -0.282 -0.131
L9 como SAC pero sin mirar las compras                       12h|TP2.67|SL5.0 |  15938  76.4% -0.463 |  13193  79.5% -0.285 | 0/7 | -0.263 -0.085
L9 como SAC pero sin mirar las compras                       12h|TP2.67|SL8.0 |  15938  92.5% -0.447 |  13193  93.5% -0.263 | 0/7 | -0.247 -0.063
L9 como SAC pero sin mirar las compras                       12h|TP1.5|SL1.5  |  15938  48.0% -0.459 |  13193  51.1% -0.375 | 0/7 | -0.259 -0.175
L9 como SAC pero sin mirar las compras                       12h|TP5.0|SL2.67 |  15938  27.4% -0.483 |  13193  32.2% -0.286 | 0/7 | -0.283 -0.086
L10 BTC sobre su media de 7 días y la moneda sube en 24 h    3h|TP2.67|SL1.8  |  12717  37.4% -0.404 |  14165  38.0% -0.403 | 0/7 | -0.204 -0.203
L10 BTC sobre su media de 7 días y la moneda sube en 24 h    3h|TP2.67|SL3.0  |  12717  66.1% -0.396 |  14165  63.5% -0.378 | 0/7 | -0.196 -0.178
L10 BTC sobre su media de 7 días y la moneda sube en 24 h    3h|TP2.67|SL5.0  |  12717  91.4% -0.386 |  14165  86.6% -0.362 | 0/7 | -0.186 -0.162
L10 BTC sobre su media de 7 días y la moneda sube en 24 h    3h|TP2.67|SL8.0  |  12717  98.4% -0.385 |  14165  95.4% -0.360 | 0/7 | -0.185 -0.160
L10 BTC sobre su media de 7 días y la moneda sube en 24 h    3h|TP1.5|SL1.5   |  12717  51.7% -0.420 |  14165  51.6% -0.416 | 0/7 | -0.220 -0.216
L10 BTC sobre su media de 7 días y la moneda sube en 24 h    3h|TP5.0|SL2.67  |  12717  28.8% -0.385 |  14165  29.7% -0.367 | 0/7 | -0.185 -0.167
L10 BTC sobre su media de 7 días y la moneda sube en 24 h    12h|TP2.67|SL1.8 |  12717  38.9% -0.395 |  14165  39.9% -0.369 | 0/7 | -0.195 -0.169
L10 BTC sobre su media de 7 días y la moneda sube en 24 h    12h|TP2.67|SL3.0 |  12717  56.4% -0.405 |  14165  58.6% -0.310 | 0/7 | -0.205 -0.110
L10 BTC sobre su media de 7 días y la moneda sube en 24 h    12h|TP2.67|SL5.0 |  12717  79.1% -0.420 |  14165  79.6% -0.282 | 0/7 | -0.220 -0.082
L10 BTC sobre su media de 7 días y la moneda sube en 24 h    12h|TP2.67|SL8.0 |  12717  94.8% -0.416 |  14165  93.4% -0.264 | 0/7 | -0.216 -0.064
L10 BTC sobre su media de 7 días y la moneda sube en 24 h    12h|TP1.5|SL1.5  |  12717  49.2% -0.425 |  14165  50.3% -0.397 | 0/7 | -0.225 -0.197
L10 BTC sobre su media de 7 días y la moneda sube en 24 h    12h|TP5.0|SL2.67 |  12717  29.9% -0.386 |  14165  33.8% -0.249 | 0/7 | -0.186 -0.049
S0 cualquier momento (referencia)                            3h|TP2.67|SL1.8  |  31534  29.8% -0.425 |  27134  28.8% -0.475 | 0/7 | -0.225 -0.275
S0 cualquier momento (referencia)                            3h|TP2.67|SL3.0  |  31534  52.9% -0.424 |  27134  50.3% -0.453 | 0/7 | -0.224 -0.253
S0 cualquier momento (referencia)                            3h|TP2.67|SL5.0  |  31534  79.9% -0.415 |  27134  73.6% -0.454 | 0/7 | -0.215 -0.254
S0 cualquier momento (referencia)                            3h|TP2.67|SL8.0  |  31534  92.5% -0.413 |  27134  89.2% -0.449 | 0/7 | -0.213 -0.249
S0 cualquier momento (referencia)                            3h|TP1.5|SL1.5   |  31534  48.5% -0.418 |  27134  46.5% -0.458 | 0/7 | -0.218 -0.258
S0 cualquier momento (referencia)                            3h|TP5.0|SL2.67  |  31534  14.4% -0.421 |  27134  14.9% -0.472 | 0/7 | -0.221 -0.272
S0 cualquier momento (referencia)                            12h|TP2.67|SL1.8 |  31534  36.8% -0.393 |  27134  33.6% -0.505 | 0/7 | -0.193 -0.305
S0 cualquier momento (referencia)                            12h|TP2.67|SL3.0 |  31534  52.0% -0.402 |  27134  49.5% -0.510 | 0/7 | -0.202 -0.310
S0 cualquier momento (referencia)                            12h|TP2.67|SL5.0 |  31534  71.9% -0.384 |  27134  67.8% -0.535 | 0/7 | -0.184 -0.335
S0 cualquier momento (referencia)                            12h|TP2.67|SL8.0 |  31534  87.5% -0.370 |  27134  83.5% -0.541 | 0/7 | -0.170 -0.341
S0 cualquier momento (referencia)                            12h|TP1.5|SL1.5  |  31534  50.3% -0.386 |  27134  47.4% -0.465 | 0/7 | -0.186 -0.265
S0 cualquier momento (referencia)                            12h|TP5.0|SL2.67 |  31534  21.4% -0.409 |  27134  19.4% -0.589 | 0/7 | -0.209 -0.389
S1 subió de golpe: +3 % en 15 min                            3h|TP2.67|SL1.8  |   1638  37.7% -0.416 |   1868  36.3% -0.523 | 0/7 | -0.216 -0.323
S1 subió de golpe: +3 % en 15 min                            3h|TP2.67|SL3.0  |   1638  52.4% -0.378 |   1868  48.9% -0.593 | 0/7 | -0.178 -0.393
S1 subió de golpe: +3 % en 15 min                            3h|TP2.67|SL5.0  |   1638  68.5% -0.336 |   1868  63.7% -0.614 | 0/7 | -0.136 -0.414
S1 subió de golpe: +3 % en 15 min                            3h|TP2.67|SL8.0  |   1638  81.7% -0.328 |   1868  77.9% -0.570 | 0/7 | -0.128 -0.370
S1 subió de golpe: +3 % en 15 min                            3h|TP1.5|SL1.5   |   1638  50.8% -0.373 |   1868  46.7% -0.494 | 0/7 | -0.173 -0.294
S1 subió de golpe: +3 % en 15 min                            3h|TP5.0|SL2.67  |   1638  25.4% -0.383 |   1868  25.1% -0.580 | 0/7 | -0.183 -0.380
S1 subió de golpe: +3 % en 15 min                            12h|TP2.67|SL1.8 |   1638  40.7% -0.361 |   1868  37.5% -0.517 | 0/7 | -0.161 -0.317
S1 subió de golpe: +3 % en 15 min                            12h|TP2.67|SL3.0 |   1638  54.6% -0.291 |   1868  49.2% -0.599 | 0/7 | -0.091 -0.399
S1 subió de golpe: +3 % en 15 min                            12h|TP2.67|SL5.0 |   1638  68.8% -0.181 |   1868  62.6% -0.612 | 1/7 | +0.019 -0.412
S1 subió de golpe: +3 % en 15 min                            12h|TP2.67|SL8.0 |   1638  79.3% -0.191 |   1868  74.3% -0.644 | 1/7 | +0.009 -0.444
S1 subió de golpe: +3 % en 15 min                            12h|TP1.5|SL1.5  |   1638  51.2% -0.361 |   1868  46.7% -0.497 | 0/7 | -0.161 -0.297
S1 subió de golpe: +3 % en 15 min                            12h|TP5.0|SL2.67 |   1638  32.7% -0.293 |   1868  30.1% -0.595 | 0/7 | -0.093 -0.395
S2 subió de golpe: +5 % en 1 h                               3h|TP2.67|SL1.8  |   1442  41.7% -0.272 |   1736  37.0% -0.495 | 0/7 | -0.072 -0.295
S2 subió de golpe: +5 % en 1 h                               3h|TP2.67|SL3.0  |   1442  55.1% -0.235 |   1736  50.2% -0.508 | 0/7 | -0.035 -0.308
S2 subió de golpe: +5 % en 1 h                               3h|TP2.67|SL5.0  |   1442  70.6% -0.158 |   1736  63.6% -0.568 | 1/7 | +0.042 -0.368
S2 subió de golpe: +5 % en 1 h                               3h|TP2.67|SL8.0  |   1442  81.4% -0.230 |   1736  76.8% -0.624 | 1/7 | -0.030 -0.424
S2 subió de golpe: +5 % en 1 h                               3h|TP1.5|SL1.5   |   1442  51.4% -0.358 |   1736  46.7% -0.498 | 0/7 | -0.158 -0.298
S2 subió de golpe: +5 % en 1 h                               3h|TP5.0|SL2.67  |   1442  27.4% -0.304 |   1736  27.3% -0.469 | 0/7 | -0.104 -0.269
S2 subió de golpe: +5 % en 1 h                               12h|TP2.67|SL1.8 |   1442  43.6% -0.245 |   1736  37.9% -0.503 | 0/7 | -0.045 -0.303
S2 subió de golpe: +5 % en 1 h                               12h|TP2.67|SL3.0 |   1442  56.9% -0.184 |   1736  50.7% -0.522 | 1/7 | +0.016 -0.322
S2 subió de golpe: +5 % en 1 h                               12h|TP2.67|SL5.0 |   1442  69.9% -0.102 |   1736  63.2% -0.579 | 1/7 | +0.098 -0.379
S2 subió de golpe: +5 % en 1 h                               12h|TP2.67|SL8.0 |   1442  79.3% -0.130 |   1736  73.6% -0.714 | 1/7 | +0.070 -0.514
S2 subió de golpe: +5 % en 1 h                               12h|TP1.5|SL1.5  |   1442  51.6% -0.352 |   1736  46.7% -0.498 | 0/7 | -0.152 -0.298
S2 subió de golpe: +5 % en 1 h                               12h|TP5.0|SL2.67 |   1442  35.3% -0.165 |   1736  30.5% -0.584 | 1/7 | +0.035 -0.384
S3 subió de golpe: +10 % en 1 h                              3h|TP2.67|SL1.8  |    281  38.0% -0.504 |    422  36.1% -0.584 | 0/7 | -0.304 -0.384
S3 subió de golpe: +10 % en 1 h                              3h|TP2.67|SL3.0  |    281  50.7% -0.531 |    422  49.4% -0.594 | 0/7 | -0.331 -0.394
S3 subió de golpe: +10 % en 1 h                              3h|TP2.67|SL5.0  |    281  63.1% -0.612 |    422  61.7% -0.696 | 1/7 | -0.412 -0.496
S3 subió de golpe: +10 % en 1 h                              3h|TP2.67|SL8.0  |    281  69.8% -1.033 |    422  71.5% -0.837 | 0/7 | -0.833 -0.637
S3 subió de golpe: +10 % en 1 h                              3h|TP1.5|SL1.5   |    281  47.1% -0.488 |    422  44.1% -0.578 | 0/7 | -0.288 -0.378
S3 subió de golpe: +10 % en 1 h                              3h|TP5.0|SL2.67  |    281  33.9% -0.421 |    422  32.5% -0.502 | 0/7 | -0.221 -0.302
S3 subió de golpe: +10 % en 1 h                              12h|TP2.67|SL1.8 |    281  38.1% -0.498 |    422  36.3% -0.579 | 0/7 | -0.298 -0.379
S3 subió de golpe: +10 % en 1 h                              12h|TP2.67|SL3.0 |    281  50.5% -0.535 |    422  49.5% -0.592 | 0/7 | -0.335 -0.392
S3 subió de golpe: +10 % en 1 h                              12h|TP2.67|SL5.0 |    281  61.8% -0.670 |    422  60.9% -0.729 | 0/7 | -0.470 -0.529
S3 subió de golpe: +10 % en 1 h                              12h|TP2.67|SL8.0 |    281  69.1% -1.103 |    422  71.0% -0.858 | 0/7 | -0.903 -0.658
S3 subió de golpe: +10 % en 1 h                              12h|TP1.5|SL1.5  |    281  47.0% -0.491 |    422  44.1% -0.578 | 0/7 | -0.291 -0.378
S3 subió de golpe: +10 % en 1 h                              12h|TP5.0|SL2.67 |    281  34.3% -0.433 |    422  32.5% -0.537 | 0/7 | -0.233 -0.337
S4 cerca del máximo de 24 h sin haber subido (<3 % en 24 h)  3h|TP2.67|SL1.8  |   7624  23.8% -0.411 |   6849  23.6% -0.406 | 0/7 | -0.211 -0.206
S4 cerca del máximo de 24 h sin haber subido (<3 % en 24 h)  3h|TP2.67|SL3.0  |   7624  43.8% -0.418 |   6849  42.0% -0.414 | 0/7 | -0.218 -0.214
S4 cerca del máximo de 24 h sin haber subido (<3 % en 24 h)  3h|TP2.67|SL5.0  |   7624  70.1% -0.423 |   6849  69.2% -0.413 | 0/7 | -0.223 -0.213
S4 cerca del máximo de 24 h sin haber subido (<3 % en 24 h)  3h|TP2.67|SL8.0  |   7624  89.8% -0.425 |   6849  88.4% -0.412 | 0/7 | -0.225 -0.212
S4 cerca del máximo de 24 h sin haber subido (<3 % en 24 h)  3h|TP1.5|SL1.5   |   7624  46.2% -0.405 |   6849  44.6% -0.406 | 0/7 | -0.205 -0.206
S4 cerca del máximo de 24 h sin haber subido (<3 % en 24 h)  3h|TP5.0|SL2.67  |   7624   6.6% -0.422 |   6849   5.1% -0.428 | 0/7 | -0.222 -0.228
S4 cerca del máximo de 24 h sin haber subido (<3 % en 24 h)  12h|TP2.67|SL1.8 |   7624  35.1% -0.402 |   6849  33.3% -0.434 | 0/7 | -0.202 -0.234
S4 cerca del máximo de 24 h sin haber subido (<3 % en 24 h)  12h|TP2.67|SL3.0 |   7624  50.5% -0.408 |   6849  49.2% -0.452 | 0/7 | -0.208 -0.252
S4 cerca del máximo de 24 h sin haber subido (<3 % en 24 h)  12h|TP2.67|SL5.0 |   7624  69.5% -0.427 |   6849  68.1% -0.463 | 0/7 | -0.227 -0.263
S4 cerca del máximo de 24 h sin haber subido (<3 % en 24 h)  12h|TP2.67|SL8.0 |   7624  86.0% -0.422 |   6849  84.7% -0.480 | 0/7 | -0.222 -0.280
S4 cerca del máximo de 24 h sin haber subido (<3 % en 24 h)  12h|TP1.5|SL1.5  |   7624  50.0% -0.393 |   6849  48.9% -0.413 | 0/7 | -0.193 -0.213
S4 cerca del máximo de 24 h sin haber subido (<3 % en 24 h)  12h|TP5.0|SL2.67 |   7624  18.6% -0.400 |   6849  15.6% -0.477 | 0/7 | -0.200 -0.277
S5 cae de golpe (−2 % en 15 min) cerca del máximo de 24 h    3h|TP2.67|SL1.8  |   1697  32.3% -0.578 |   1619  31.6% -0.638 | 0/7 | -0.378 -0.438
S5 cae de golpe (−2 % en 15 min) cerca del máximo de 24 h    3h|TP2.67|SL3.0  |   1697  48.2% -0.585 |   1619  46.8% -0.688 | 0/7 | -0.385 -0.488
S5 cae de golpe (−2 % en 15 min) cerca del máximo de 24 h    3h|TP2.67|SL5.0  |   1697  71.5% -0.534 |   1619  66.7% -0.725 | 0/7 | -0.334 -0.525
S5 cae de golpe (−2 % en 15 min) cerca del máximo de 24 h    3h|TP2.67|SL8.0  |   1697  86.2% -0.534 |   1619  82.8% -0.719 | 0/7 | -0.334 -0.519
S5 cae de golpe (−2 % en 15 min) cerca del máximo de 24 h    3h|TP1.5|SL1.5   |   1697  44.9% -0.548 |   1619  44.9% -0.549 | 0/7 | -0.348 -0.349
S5 cae de golpe (−2 % en 15 min) cerca del máximo de 24 h    3h|TP5.0|SL2.67  |   1697  17.3% -0.630 |   1619  20.0% -0.708 | 0/7 | -0.430 -0.508
S5 cae de golpe (−2 % en 15 min) cerca del máximo de 24 h    12h|TP2.67|SL1.8 |   1697  36.5% -0.515 |   1619  34.5% -0.627 | 0/7 | -0.315 -0.427
S5 cae de golpe (−2 % en 15 min) cerca del máximo de 24 h    12h|TP2.67|SL3.0 |   1697  51.0% -0.495 |   1619  47.4% -0.693 | 0/7 | -0.295 -0.493
S5 cae de golpe (−2 % en 15 min) cerca del máximo de 24 h    12h|TP2.67|SL5.0 |   1697  64.8% -0.572 |   1619  60.7% -0.816 | 0/7 | -0.372 -0.616
S5 cae de golpe (−2 % en 15 min) cerca del máximo de 24 h    12h|TP2.67|SL8.0 |   1697  79.4% -0.595 |   1619  74.7% -0.883 | 0/7 | -0.395 -0.683
S5 cae de golpe (−2 % en 15 min) cerca del máximo de 24 h    12h|TP1.5|SL1.5  |   1697  45.4% -0.534 |   1619  45.8% -0.525 | 0/7 | -0.334 -0.325
S5 cae de golpe (−2 % en 15 min) cerca del máximo de 24 h    12h|TP5.0|SL2.67 |   1697  25.6% -0.621 |   1619  26.5% -0.699 | 0/7 | -0.421 -0.499
S6 subió +5 % en 1 h y deja mecha arriba (rechazo)           3h|TP2.67|SL1.8  |    689  42.9% -0.261 |    979  37.5% -0.493 | 0/7 | -0.061 -0.293
S6 subió +5 % en 1 h y deja mecha arriba (rechazo)           3h|TP2.67|SL3.0  |    689  54.4% -0.306 |    979  50.7% -0.478 | 0/7 | -0.106 -0.278
S6 subió +5 % en 1 h y deja mecha arriba (rechazo)           3h|TP2.67|SL5.0  |    689  67.0% -0.386 |    979  65.7% -0.443 | 0/7 | -0.186 -0.243
S6 subió +5 % en 1 h y deja mecha arriba (rechazo)           3h|TP2.67|SL8.0  |    689  79.9% -0.335 |    979  77.0% -0.520 | 0/7 | -0.135 -0.320
S6 subió +5 % en 1 h y deja mecha arriba (rechazo)           3h|TP1.5|SL1.5   |    689  54.5% -0.265 |    979  46.2% -0.513 | 0/7 | -0.065 -0.313
S6 subió +5 % en 1 h y deja mecha arriba (rechazo)           3h|TP5.0|SL2.67  |    689  30.0% -0.381 |    979  29.8% -0.431 | 0/7 | -0.181 -0.231
S6 subió +5 % en 1 h y deja mecha arriba (rechazo)           12h|TP2.67|SL1.8 |    689  43.5% -0.250 |    979  38.4% -0.482 | 1/7 | -0.050 -0.282
S6 subió +5 % en 1 h y deja mecha arriba (rechazo)           12h|TP2.67|SL3.0 |    689  55.4% -0.259 |    979  51.5% -0.475 | 1/7 | -0.059 -0.275
S6 subió +5 % en 1 h y deja mecha arriba (rechazo)           12h|TP2.67|SL5.0 |    689  66.4% -0.334 |    979  65.2% -0.422 | 1/7 | -0.134 -0.222
S6 subió +5 % en 1 h y deja mecha arriba (rechazo)           12h|TP2.67|SL8.0 |    689  77.1% -0.307 |    979  74.8% -0.571 | 1/7 | -0.107 -0.371
S6 subió +5 % en 1 h y deja mecha arriba (rechazo)           12h|TP1.5|SL1.5  |    689  54.6% -0.263 |    979  46.4% -0.509 | 0/7 | -0.063 -0.309
S6 subió +5 % en 1 h y deja mecha arriba (rechazo)           12h|TP5.0|SL2.67 |    689  33.1% -0.365 |    979  33.5% -0.410 | 0/7 | -0.165 -0.210

MODELO: {"top20%": {"exploracion": {"n": 18574, "monedas": 139, "dias": 121, "aciertos_pct": 41.7, "bruto": 0.1, "neto_0.2": -0.1, "neto_0.3": -0.2, "neto_0.4": -0.3, "neto_0.5": -0.4}, "comprobacion": {"n": 16340, "monedas": 149, "dias": 93, "aciertos_pct": 41.2, "bruto": 0.082, "neto_0.2": -0.118, "neto_0.3": -0.218, "neto_0.4": -0.318, "neto_0.5": -0.418}, "meses": {"2026-03": -0.223, "2026-04": -0.239, "2026-05": -0.279, "2026-06": -0.438, "2026-07": -0.509, "2026-08": -0.245, "2026-09": -0.223}}, "top10%": {"exploracion": {"n": 13319, "monedas": 138, "dias": 121, "aciertos_pct": 42.7, "bruto": 0.131, "neto_0.2": -0.069, "neto_0.3": -0.169, "neto_0.4": -0.269, "neto_0.5": -0.369}, "comprobacion": {"n": 12302, "monedas": 147, "dias": 93, "aciertos_pct": 40.0, "bruto": 0.025, "neto_0.2": -0.175, "neto_0.3": -0.275, "neto_0.4": -0.375, "neto_0.5": -0.475}, "meses": {"2026-03": -0.167, "2026-04": -0.193, "2026-05": -0.249, "2026-06": -0.43, "2026-07": -0.547, "2026-08": -0.382, "2026-09": -0.24}}, "top5%": {"exploracion": {"n": 9033, "monedas": 137, "dias": 121, "aciertos_pct": 43.5, "bruto": 0.164, "neto_0.2": -0.036, "neto_0.3": -0.136, "neto_0.4": -0.236, "neto_0.5": -0.336}, "comprobacion": {"n": 8867, "monedas": 147, "dias": 93, "aciertos_pct": 41.7, "bruto": 0.084, "neto_0.2": -0.116, "neto_0.3": -0.216, "neto_0.4": -0.316, "neto_0.5": -0.416}, "meses": {"2026-03": -0.057, "2026-04": -0.201, "2026-05": -0.207, "2026-06": -0.424, "2026-07": -0.453, "2026-08": -0.362, "2026-09": -0.178}}, "top2%": {"exploracion": {"n": 5070, "monedas": 130, "dias": 121, "aciertos_pct": 44.8, "bruto": 0.212, "neto_0.2": 0.012, "neto_0.3": -0.088, "neto_0.4": -0.188, "neto_0.5": -0.288}, "comprobacion": {"n": 5380, "monedas": 146, "dias": 93, "aciertos_pct": 40.9, "bruto": 0.045, "neto_0.2": -0.155, "neto_0.3": -0.255, "neto_0.4": -0.355, "neto_0.5": -0.455}, "meses": {"2026-03": 0.04, "2026-04": -0.191, "2026-05": -0.094, "2026-06": -0.421, "2026-07": -0.519, "2026-08": -0.385, "2026-09": -0.211}}, "top1%": {"exploracion": {"n": 3192, "monedas": 128, "dias": 114, "aciertos_pct": 44.9, "bruto": 0.217, "neto_0.2": 0.017, "neto_0.3": -0.083, "neto_0.4": -0.183, "neto_0.5": -0.283}, "comprobacion": {"n": 3523, "monedas": 145, "dias": 91, "aciertos_pct": 40.5, "bruto": 0.03, "neto_0.2": -0.17, "neto_0.3": -0.27, "neto_0.4": -0.37, "neto_0.5": -0.47}, "meses": {"2026-03": 0.082, "2026-04": -0.211, "2026-05": -0.058, "2026-06": -0.41, "2026-07": -0.519, "2026-08": -0.364, "2026-09": -0.27}}, "pesos_mayores": [["rng240>0", -0.457], ["rng60>0", -0.423], ["btc_r1440>3", 0.297], ["amplitud24>9", -0.289], ["btc_sma7>2", -0.284], ["btc_r1440>0", -0.276], ["vol24h>9", -0.267], ["btc_r1440>9", -0.249], ["btc_sma7>3", -0.229], ["rng240>1", -0.199], ["rng60>1", -0.186], ["dmax1440>0", 0.183]]}

RÉGIMEN: {"dias": 213, "bruto_medio_dia": 0.031, "dias_positivos_pct": 48.4, "correlacion_con_amplitud_del_dia_anterior": -0.023, "correlacion_con_btc_del_dia_anterior": -0.005, "bruto_si_ayer_amplitud>=0.6": 0.036, "dias_ayer_amplitud>=0.6": 82, "bruto_si_ayer_amplitud<0.4": 0.043, "dias_ayer_amplitud<0.4": 95, "por_mes_bruto": {"2026-03": 0.103, "2026-04": 0.099, "2026-05": 0.016, "2026-06": -0.18, "2026-07": -0.142, "2026-08": 0.227, "2026-09": 0.124}}
