AEROUSDT: 33 archivos, 109920 velas
ACEUSDT: 37 archivos, 309600 velas
0GUSDT: 37 archivos, 309600 velas
ALGOUSDT: 37 archivos, 309600 velas
ADAUSDT: 37 archivos, 309600 velas
AAVEUSDT: 37 archivos, 309600 velas
APTUSDT: 37 archivos, 309600 velas
ARKUSDT: 37 archivos, 309600 velas
ARBUSDT: 37 archivos, 309600 velas
ARUSDT: 37 archivos, 309600 velas
ASTERUSDT: 37 archivos, 309600 velas
ATOMUSDT: 37 archivos, 309600 velas
AVAXUSDT: 37 archivos, 309600 velas
AXSUSDT: 37 archivos, 309600 velas
BANKUSDT: 37 archivos, 309600 velas
BABYUSDT: 37 archivos, 309600 velas
BBUSDT: 37 archivos, 309600 velas
BNCBUSDT: 18 archivos, 25200 velas
BIOUSDT: 37 archivos, 309600 velas
BCHUSDT: 37 archivos, 309600 velas
BOMEUSDT: 37 archivos, 309600 velas
BROCCOLI714USDT: 37 archivos, 309600 velas
BONKUSDT: 37 archivos, 309600 velas
BNBUSDT: 37 archivos, 309600 velas
CAKEUSDT: 37 archivos, 309600 velas
CHIPUSDT: 36 archivos, 235350 velas
CFGUSDT: 37 archivos, 287220 velas
CFXUSDT: 37 archivos, 309600 velas
BTCUSDT: 37 archivos, 309600 velas
CHZUSDT: 37 archivos, 309600 velas
CRCLBUSDT: 34 archivos, 161640 velas
COTIUSDT: 37 archivos, 309600 velas
CRVUSDT: 37 archivos, 309600 velas
DASHUSDT: 37 archivos, 309600 velas
DODOUSDT: 37 archivos, 309600 velas
DEXEUSDT: 37 archivos, 309600 velas
DOGEUSDT: 37 archivos, 309600 velas
DOTUSDT: 37 archivos, 309600 velas
DYDXUSDT: 37 archivos, 309600 velas
EIGENUSDT: 37 archivos, 309600 velas
ENAUSDT: 37 archivos, 309600 velas
ENSUSDT: 37 archivos, 309600 velas
EPICUSDT: 37 archivos, 309600 velas
ETCUSDT: 37 archivos, 309600 velas
ETHFIUSDT: 37 archivos, 309600 velas
FETUSDT: 37 archivos, 309600 velas
FFUSDT: 37 archivos, 309600 velas
FILUSDT: 37 archivos, 309600 velas
FLOKIUSDT: 37 archivos, 309600 velas
GALAUSDT: 37 archivos, 309600 velas
ETHUSDT: 37 archivos, 309600 velas
GOOGLBUSDT: 33 archivos, 124470 velas
GRAMUSDT: 33 archivos, 132000 velas
GRTUSDT: 37 archivos, 309600 velas
GUSDT: 37 archivos, 309600 velas
GIGGLEUSDT: 37 archivos, 309600 velas
HEIUSDT: 37 archivos, 309600 velas
HBARUSDT: 37 archivos, 309600 velas
HEMIUSDT: 37 archivos, 309600 velas
HUMAUSDT: 37 archivos, 309600 velas
INTCBUSDT: 34 archivos, 144630 velas
ICPUSDT: 37 archivos, 309600 velas
IOSTUSDT: 37 archivos, 309600 velas
INJUSDT: 37 archivos, 309600 velas
IOUSDT: 37 archivos, 309600 velas
JSTUSDT: 37 archivos, 309600 velas
JTOUSDT: 37 archivos, 309600 velas
JUPUSDT: 37 archivos, 309600 velas
KAITOUSDT: 37 archivos, 309600 velas
KITEUSDT: 37 archivos, 309600 velas
KMNOUSDT: 37 archivos, 309600 velas
KORUBUSDT: 33 archivos, 102870 velas
MARSCOINUSDT: 28 archivos, 39540 velas
LDOUSDT: 37 archivos, 309600 velas
LSKUSDT: 37 archivos, 309600 velas
MEGAUSDT: 36 archivos, 222540 velas
LINKUSDT: 37 archivos, 309600 velas
METUSDT: 37 archivos, 309600 velas
LTCUSDT: 37 archivos, 309600 velas
MSTRBUSDT: 34 archivos, 144630 velas
MINAUSDT: 37 archivos, 309600 velas
MORPHOUSDT: 37 archivos, 309600 velas
MUBUSDT: 34 archivos, 161700 velas
MUBARAKUSDT: 37 archivos, 309600 velas
NIGHTUSDT: 37 archivos, 294270 velas
NEARUSDT: 37 archivos, 309600 velas
NILUSDT: 37 archivos, 309600 velas
NVDABUSDT: 34 archivos, 161640 velas
NOMUSDT: 37 archivos, 309600 velas
ONDOUSDT: 37 archivos, 309600 velas
ONEUSDT: 37 archivos, 309600 velas
OPUSDT: 37 archivos, 309600 velas
PENDLEUSDT: 37 archivos, 309600 velas
ORDIUSDT: 37 archivos, 309600 velas
PENGUUSDT: 37 archivos, 309600 velas
PEPEUSDT: 37 archivos, 309600 velas
PHAUSDT: 37 archivos, 309600 velas
PLUMEUSDT: 37 archivos, 309600 velas
POLUSDT: 37 archivos, 309600 velas
PUMPUSDT: 37 archivos, 309600 velas
PROMUSDT: 37 archivos, 309600 velas
QQQBUSDT: 34 archivos, 134550 velas
PYTHUSDT: 37 archivos, 309600 velas
QNTUSDT: 37 archivos, 309600 velas
REZUSDT: 37 archivos, 309600 velas
RAYUSDT: 37 archivos, 309600 velas
RENDERUSDT: 37 archivos, 309600 velas
RUNEUSDT: 37 archivos, 309600 velas
SAGAUSDT: 37 archivos, 309600 velas
SANDUSDT: 37 archivos, 309600 velas
SKHYBUSDT: 33 archivos, 115830 velas
SHIBUSDT: 37 archivos, 309600 velas
SEIUSDT: 37 archivos, 309600 velas
SNXXBUSDT: 33 archivos, 102870 velas
SNDKBUSDT: 34 archivos, 161640 velas
SKYUSDT: 37 archivos, 309600 velas
SOXLBUSDT: 33 archivos, 124470 velas
SOLVUSDT: 37 archivos, 309600 velas
SOPHUSDT: 37 archivos, 309600 velas
SPCXBUSDT: 34 archivos, 160260 velas
SOLUSDT: 37 archivos, 309600 velas
STRKUSDT: 37 archivos, 309600 velas
STXUSDT: 37 archivos, 309600 velas
SUSDT: 37 archivos, 309600 velas
SUIUSDT: 37 archivos, 309600 velas
SYNUSDT: 37 archivos, 309600 velas
SYRUPUSDT: 37 archivos, 309600 velas
TAOUSDT: 37 archivos, 309600 velas
TIAUSDT: 37 archivos, 309600 velas
TSLABUSDT: 34 archivos, 161640 velas
TRBUSDT: 37 archivos, 309600 velas
TRXUSDT: 37 archivos, 309600 velas
TRUMPUSDT: 37 archivos, 309600 velas
TUTUSDT: 37 archivos, 309600 velas
VETUSDT: 37 archivos, 309600 velas
UNIUSDT: 37 archivos, 309600 velas
VTHOUSDT: 37 archivos, 309600 velas
VIRTUALUSDT: 37 archivos, 309600 velas
WIFUSDT: 37 archivos, 309600 velas
WLDUSDT: 37 archivos, 309600 velas
WLFIUSDT: 37 archivos, 309600 velas
XLMUSDT: 37 archivos, 309600 velas
XPLUSDT: 37 archivos, 309600 velas
ZAMAUSDT: 37 archivos, 309600 velas
XRPUSDT: 37 archivos, 309600 velas
牛来USDT: 23 archivos, 32250 velas
ZKUSDT: 37 archivos, 309600 velas
ZENUSDT: 37 archivos, 309600 velas
ZROUSDT: 37 archivos, 309600 velas
ZECUSDT: 37 archivos, 309600 velas
